// Jest Snapshot v1, https://goo.gl/fbAQLP

exports[`should return expense list item 1`] = `
<div>
  <Link
    replace={false}
    to="/edit/1"
  >
    <h3>
      Gum
    </h3>
  </Link>
  <h1>
    Gum
  </h1>
  <p>
    $1.95
    -
    December 31st, 1969
  </p>
</div>
`;
